[g1.globo.com/economia/tecnologia/noticia/2020/01/22/anuncios-ingressos-e-convites-falsos-como-estao-agindo-golpistas-do-whatsapp-e-quais-cuidados-tomar.html]
[cdn.ampproject.org/v0.js]
[securepubads.g.doubleclick.net/tag/js/f.txt]
[s3.glbimg.com/v1/AUTH_acd8438fd650434baa93efc372c066a1/libs/lib-pub-relay/g1/prod/lib-pub-relay-g1-latest.js]
[backblue.gif]
[fade.gif]
[index.html]
[g1.globo.com/economia/tecnologia/noticia/2020/01/22/g1.globo.com/busca.f.delayed]
[s2-g1.glbimg.com/7_CSJ0a2BppGqptPkB7fE1Hacok=/128x128/smart/filters_strip_icc()/i.s3.glbimg.com/v1/AUTH_59edd422c0c84a879bd37670ae4f538a/internal_photos/bs/2021/H/w/YbA657S3aYVfC/g1-favicon.6.delaye]
[s2-g1.glbimg.com/t2_E-_cSErv4fsbUVhwwEN0YMX0=/32x32/smart/filters_strip_icc()/i.s3.glbimg.com/v1/AUTH_59edd422c0c84a879bd37670ae4f538a/internal_photos/bs/2021/H/w/YbA657S3aYVfC0P/g1-favicon.5.delaye]
[s2-g1.glbimg.com/szHLoTRvs6YWm9NNieGM7KU2eEE=/152x152/smart/filters_strip_icc()/i.s3.glbimg.com/v1/AUTH_59edd422c0c84a879bd37670ae4f538a/internal_photos/bs/2021/H/w/YbA657S3aYVfC/g1-favicon.7.delaye]
[s2-g1.glbimg.com/S1o7u7ulLX54NM6X_pRUSid8yXg=/180x180/smart/filters_strip_icc()/i.s3.glbimg.com/v1/AUTH_59edd422c0c84a879bd37670ae4f538a/internal_photos/bs/2021/H/w/YbA657S3aYVfC/g1-favicon.9.delaye]
[s2-g1.glbimg.com/ANFXvAeR8V-2tbOMMP9tc2qFqJA=/192x192/smart/filters_strip_icc()/i.s3.glbimg.com/v1/AUTH_59edd422c0c84a879bd37670ae4f538a/internal_photos/bs/2021/H/w/YbA657S3aYVfC/g1-favicon.a.delaye]
[s2-g1.glbimg.com/LsuKXSXhHyq6vHO3DX_fXzijkCg=/196x196/smart/filters_strip_icc()/i.s3.glbimg.com/v1/AUTH_59edd422c0c84a879bd37670ae4f538a/internal_photos/bs/2021/H/w/YbA657S3aYVfC/g1-favicon.b.delaye]
[s2-g1.glbimg.com/SU2Z6rs9rolyarVbXBSjaN6J0Jw=/167x167/smart/filters_strip_icc()/i.s3.glbimg.com/v1/AUTH_59edd422c0c84a879bd37670ae4f538a/internal_photos/bs/2021/H/w/YbA657S3aYVfC/g1-favicon.8.delaye]
[s2-g1.glbimg.com/ntE_GO6uMpnPlZ2uD5ueQavJQNE=/72x72/smart/filters_strip_icc()/i.s3.glbimg.com/v1/AUTH_59edd422c0c84a879bd37670ae4f538a/internal_photos/bs/2021/H/w/YbA657S3aYVfC0P/g1-favicon.d.delaye]
[s2-g1.glbimg.com/GpmOCEG_6A1NUKWKtbzFpijsyR0=/57x57/smart/filters_strip_icc()/i.s3.glbimg.com/v1/AUTH_59edd422c0c84a879bd37670ae4f538a/internal_photos/bs/2021/H/w/YbA657S3aYVfC0P/g1-favicon.c.delaye]
[s2-g1.glbimg.com/aFlLEuzGSYw2KtjvARZnCsFtgnk=/114x114/smart/filters_strip_icc()/i.s3.glbimg.com/v1/AUTH_59edd422c0c84a879bd37670ae4f538a/internal_photos/bs/2021/H/w/YbA657S3aYVfC/g1-favicon.e.delaye]
[cdn.ampproject.org/v0/amp-social-share-0.1.js]
[g1.globo.com/economia/tecnologia/noticia/2020/01/22/t/index.html]
[cdn.ampproject.org/v0/amp-timeago-0.1.js]
[cdn.ampproject.org/v0/amp-fit-text-0.1.js]
[cdn.ampproject.org/v0/amp-bind-0.1.js]
[cdn.ampproject.org/v0/amp-lightbox-gallery-0.1.js]
[cdn.ampproject.org/v0/amp-carousel-0.1.js]
[cdn.ampproject.org/v0/amp-video-0.1.js]
[cdn.ampproject.org/v0/amp-twitter-0.1.js]
[cdn.ampproject.org/v0/amp-facebook-0.1.js]
[cdn.ampproject.org/v0/amp-instagram-0.1.js]
[s3.glbimg.com/v1/AUTH_f7d75b8ab8c8447292333ff06480419a/nav-cdn/client/2.1.0/fn-cdn-client.min.js]
[s.glbimg.com/jo/g1/static/live/g1_amp/img/g1_logo_json_ld.png]
[g1.globo.com/economia/tecnologia/noticia/2020/01/22/anuncios-ingressos-e-convites-falsos-como-estao-agindo-golpistas-do-whatsapp-e-quais-cuidados-tomar93b4.html]
[g1.globo.com/economia/tecnologia/noticia/2020/01/22/anuncios-ingressos-e-convites-falsos-como-estao-agindo-golpistas-do-whatsapp-e-quais-cuidados-tomar2f0c.html]
[s01.video.glbimg.com/x720/8257496_x720.jpg_; filename_=UTF-8''8257496_x720.jpg]
[s3.glbimg.com/v1/AUTH_e1b09a2d222b4900a437a46914be81e5/api/stable/web/api.min.js]
[s2-g1.glbimg.com/dJ-4z7uYjni0gYhM3fmmahEbB8U=/0x0_695x421/984x0/smart/filters_strip_icc()/i.s3.glbimg.com/v1/AUTH_59edd422c0c84a879bd37670ae4f538a/internal_photos/bs/2019/q/x//whatsapp-sms.20.delaye]
[s2-g1.glbimg.com/nsZ2Sp8RMl-rbmLX7dtYouLbWo0=/0x0_1772x851/984x0/smart/filters_strip_icc()/i.s3.glbimg.com/v1/AUTH_59edd422c0c84a879bd37670ae4f538a/internal_photos/bs/2019/9/N/whatsapp-2fa.21.delaye]
[s3.glbimg.com/cdn/libs/clappr-plugins/login-screen/1.2.1/player-plugin-login-screen.min.js]
[s3.glbimg.com/cdn/libs/clappr-plugins/video-recommendation/v2.2.2-g1/video-recommendation-plugin.js]
[s3.glbimg.com/v1/AUTH_f75bb4776e3c4683acd769d47144995f/viewport-play-plugin/v1.2.0/viewport-play-plugin.min.js]
[s3.glbimg.com/v1/AUTH_f75bb4776e3c4683acd769d47144995f/detach-plugin/1.0.0/clapprDetachPlugin.min.js]
[s3.glbimg.com/v1/AUTH_f75bb4776e3c4683acd769d47144995f/chartbeat-plugin/1.1.0/chartbeat-plugin.min.js]
[s3.glbimg.com/v1/AUTH_f75bb4776e3c4683acd769d47144995f/bs-player-g1/1.7.0/bs-player.min.js]
[s3.glbimg.com/v1/AUTH_f75bb4776e3c4683acd769d47144995f/player-assets/1.0.0/playerAssets.min.js]
[s3.glbimg.com/v1/AUTH_f7772c2cb2fd4af2bb8929c0ae6fdba7/dsframework/build/latest/client/bastian-202401c6ac0a7858da51c6653929558ba8a5b7.js]
[s3.glbimg.com/v1/AUTH_c631e406debd4c4fac98a09d48dc17d1/bastian-post/prod/g1/980e3c92-b130-43b7-ba4d-eb2658a54ceb/bb217abf-77fc-4195-afe4-cce29453dae1.js]
[s3.glbimg.com/v1/AUTH_c631e406debd4c4fac98a09d48dc17d1/bastian-post/prod/g1/980e3c92-b130-43b7-ba4d-eb2658a54ceb/bb217abf-77fc-4195-afe4-cce29453dae1.css]
[aswpsdkus.com/notify/v1/ua-sdk.min.js]
[novabarra.globo.com/webcomponent/index.js]
[s3.glbimg.com/v1/AUTH_89c6d9f49eec4e768bc6ccddcb31a34b/lgpd-lib/lgpd-lib.min.css]
[s3.glbimg.com/v1/AUTH_89c6d9f49eec4e768bc6ccddcb31a34b/lgpd-lib/lgpd-lib.min.js]
[s3.glbimg.com/cdn/libs/jquery/1.8.3/jquery.min.js]
[s3.glbimg.com/v1/AUTH_ba8e460c944543468c3c80cb9675751f/integracoes/chartbeat/v1.0.0/chartbeat.min.js]
[g1.globo.com/economia/tecnologia/noticia/2020/01/22/anuncios-ingressos-e-convites-falsos-como-estao-agindo-golpistas-do-whatsapp-e-quais-cuidados-tomar.html]
[www.googletagmanager.com/gtm5445.html]
[g1.globo.com/economia/tecnologia/noticia/2020/01/22/g1.globo.com/busca.html]
[g1.globo.com/economia/tecnologia/noticia/2020/01/22/t/index.html]
[g1.globo.com/economia/tecnologia/noticia/2020/01/22/anuncios-ingressos-e-convites-falsos-como-estao-agindo-golpistas-do-whatsapp-e-quais-cuidados-tomar93b4.html]
[s3.glbimg.com/v1/AUTH_b002e0039b9f46a5a4a94ff667d31e2d/assets/dist/098cbdfd34824d5df75c39691edc808d.js]
[g1.globo.com/economia/tecnologia/noticia/2020/01/22/anuncios-ingressos-e-convites-falsos-como-estao-agindo-golpistas-do-whatsapp-e-quais-cuidados-tomar2f0c.html]
[s3.glbimg.com/v1/AUTH_c5dfc0eef7ee40d68bdd0993be881440/coral-custom-style/style.css]
[g1.globo.com/economia/tecnologia/noticia/2020/01/22/;path=/index.html]
[s3.glbimg.com/v1/AUTH_c631e406debd4c4fac98a09d48dc17d1/bastian-post/prod/g1/980e3c92-b130-43b7-ba4d-eb2658a54ceb/img/post-lib-media/video_icon.svg]
[s3.glbimg.com/v1/AUTH_c631e406debd4c4fac98a09d48dc17d1/bastian-post/prod/g1/980e3c92-b130-43b7-ba4d-eb2658a54ceb/img/post-economia/valor.svg]
[s3.glbimg.com/v1/AUTH_c631e406debd4c4fac98a09d48dc17d1/bastian-post/prod/g1/980e3c92-b130-43b7-ba4d-eb2658a54ceb/img/post-economia-cotacao/valorLogo.svg]
[s3.glbimg.com/v1/AUTH_c631e406debd4c4fac98a09d48dc17d1/bastian-post/prod/g1/980e3c92-b130-43b7-ba4d-eb2658a54ceb/img/post-previsao-do-tempo/climatempo-logo.svg]
[s3.glbimg.com/v1/AUTH_c631e406debd4c4fac98a09d48dc17d1/bastian-post/prod/g1/980e3c92-b130-43b7-ba4d-eb2658a54ceb/img/post-previsao-do-tempo/Icon1.svg]
[s3.glbimg.com/v1/AUTH_c631e406debd4c4fac98a09d48dc17d1/bastian-post/prod/g1/980e3c92-b130-43b7-ba4d-eb2658a54ceb/img/post-previsao-do-tempo/Icon1n.svg]
[s3.glbimg.com/v1/AUTH_c631e406debd4c4fac98a09d48dc17d1/bastian-post/prod/g1/980e3c92-b130-43b7-ba4d-eb2658a54ceb/img/post-previsao-do-tempo/Icon2.svg]
[s3.glbimg.com/v1/AUTH_c631e406debd4c4fac98a09d48dc17d1/bastian-post/prod/g1/980e3c92-b130-43b7-ba4d-eb2658a54ceb/img/post-previsao-do-tempo/Icon2n.svg]
[s3.glbimg.com/v1/AUTH_c631e406debd4c4fac98a09d48dc17d1/bastian-post/prod/g1/980e3c92-b130-43b7-ba4d-eb2658a54ceb/img/post-previsao-do-tempo/Icon2r.svg]
[s3.glbimg.com/v1/AUTH_c631e406debd4c4fac98a09d48dc17d1/bastian-post/prod/g1/980e3c92-b130-43b7-ba4d-eb2658a54ceb/img/post-previsao-do-tempo/Icon2rn.svg]
[s3.glbimg.com/v1/AUTH_c631e406debd4c4fac98a09d48dc17d1/bastian-post/prod/g1/980e3c92-b130-43b7-ba4d-eb2658a54ceb/img/post-previsao-do-tempo/Icon3.svg]
[s3.glbimg.com/v1/AUTH_c631e406debd4c4fac98a09d48dc17d1/bastian-post/prod/g1/980e3c92-b130-43b7-ba4d-eb2658a54ceb/img/post-previsao-do-tempo/Icon3n.svg]
[s3.glbimg.com/v1/AUTH_c631e406debd4c4fac98a09d48dc17d1/bastian-post/prod/g1/980e3c92-b130-43b7-ba4d-eb2658a54ceb/img/post-previsao-do-tempo/Icon4.svg]
[s3.glbimg.com/v1/AUTH_c631e406debd4c4fac98a09d48dc17d1/bastian-post/prod/g1/980e3c92-b130-43b7-ba4d-eb2658a54ceb/img/post-previsao-do-tempo/Icon4n.svg]
[s3.glbimg.com/v1/AUTH_c631e406debd4c4fac98a09d48dc17d1/bastian-post/prod/g1/980e3c92-b130-43b7-ba4d-eb2658a54ceb/img/post-previsao-do-tempo/Icon4r.svg]
[s3.glbimg.com/v1/AUTH_c631e406debd4c4fac98a09d48dc17d1/bastian-post/prod/g1/980e3c92-b130-43b7-ba4d-eb2658a54ceb/img/post-previsao-do-tempo/Icon4rn.svg]
[s3.glbimg.com/v1/AUTH_c631e406debd4c4fac98a09d48dc17d1/bastian-post/prod/g1/980e3c92-b130-43b7-ba4d-eb2658a54ceb/img/post-previsao-do-tempo/Icon4t.svg]
[s3.glbimg.com/v1/AUTH_c631e406debd4c4fac98a09d48dc17d1/bastian-post/prod/g1/980e3c92-b130-43b7-ba4d-eb2658a54ceb/img/post-previsao-do-tempo/Icon4tn.svg]
[s3.glbimg.com/v1/AUTH_c631e406debd4c4fac98a09d48dc17d1/bastian-post/prod/g1/980e3c92-b130-43b7-ba4d-eb2658a54ceb/img/post-previsao-do-tempo/Icon5.svg]
[s3.glbimg.com/v1/AUTH_c631e406debd4c4fac98a09d48dc17d1/bastian-post/prod/g1/980e3c92-b130-43b7-ba4d-eb2658a54ceb/img/post-previsao-do-tempo/Icon5n.svg]
[s3.glbimg.com/v1/AUTH_c631e406debd4c4fac98a09d48dc17d1/bastian-post/prod/g1/980e3c92-b130-43b7-ba4d-eb2658a54ceb/img/post-previsao-do-tempo/Icon6.svg]
[s3.glbimg.com/v1/AUTH_c631e406debd4c4fac98a09d48dc17d1/bastian-post/prod/g1/980e3c92-b130-43b7-ba4d-eb2658a54ceb/img/post-previsao-do-tempo/Icon6n.svg]
[s3.glbimg.com/v1/AUTH_c631e406debd4c4fac98a09d48dc17d1/bastian-post/prod/g1/980e3c92-b130-43b7-ba4d-eb2658a54ceb/img/post-previsao-do-tempo/Icon7.svg]
[s3.glbimg.com/v1/AUTH_c631e406debd4c4fac98a09d48dc17d1/bastian-post/prod/g1/980e3c92-b130-43b7-ba4d-eb2658a54ceb/img/post-previsao-do-tempo/Icon7n.svg]
[s3.glbimg.com/v1/AUTH_c631e406debd4c4fac98a09d48dc17d1/bastian-post/prod/g1/980e3c92-b130-43b7-ba4d-eb2658a54ceb/img/post-previsao-do-tempo/Icon8.svg]
[s3.glbimg.com/v1/AUTH_c631e406debd4c4fac98a09d48dc17d1/bastian-post/prod/g1/980e3c92-b130-43b7-ba4d-eb2658a54ceb/img/post-previsao-do-tempo/Icon9.svg]
[s3.glbimg.com/v1/AUTH_c631e406debd4c4fac98a09d48dc17d1/bastian-post/prod/g1/980e3c92-b130-43b7-ba4d-eb2658a54ceb/img/post-previsao-do-tempo/Icon11.svg]
[s3.glbimg.com/v1/AUTH_c631e406debd4c4fac98a09d48dc17d1/bastian-post/prod/g1/980e3c92-b130-43b7-ba4d-eb2658a54ceb/img/post-previsao-do-tempo/Icon13.svg]
[s3.glbimg.com/v1/AUTH_c631e406debd4c4fac98a09d48dc17d1/bastian-post/prod/g1/980e3c92-b130-43b7-ba4d-eb2658a54ceb/bb217abf-77fc-4195-afe4-cce29453dae1.css]
[s3.glbimg.com/v1/AUTH_89c6d9f49eec4e768bc6ccddcb31a34b/lgpd-lib/lgpd-lib.min.css]
[s3.glbimg.com/v1/AUTH_b922f1376f6c452e9bb337cc7d996a6e/codex/foundation/typefaces/version/6408cb8fc43ff49841e181db/globotipo-variable.css]
[g1.globo.com/economia/tecnologia/noticia/2020/01/22/;path=/index.html]
[s3.glbimg.com/v1/AUTH_c631e406debd4c4fac98a09d48dc17d1/bastian-post/prod/g1/980e3c92-b130-43b7-ba4d-eb2658a54ceb/img/post-lib-media/playlist_icon.svg]
[s3.glbimg.com/v1/AUTH_c631e406debd4c4fac98a09d48dc17d1/bastian-post/prod/g1/980e3c92-b130-43b7-ba4d-eb2658a54ceb/img/post-lib-media/video_icon.svg]
[s3.glbimg.com/v1/AUTH_c631e406debd4c4fac98a09d48dc17d1/bastian-post/prod/g1/980e3c92-b130-43b7-ba4d-eb2658a54ceb/img/post-lib-media/image-gallery_icon.svg]
[s3.glbimg.com/v1/AUTH_c631e406debd4c4fac98a09d48dc17d1/bastian-post/prod/g1/980e3c92-b130-43b7-ba4d-eb2658a54ceb/img/post-economia/valor.svg]
[s3.glbimg.com/v1/AUTH_c631e406debd4c4fac98a09d48dc17d1/bastian-post/prod/g1/980e3c92-b130-43b7-ba4d-eb2658a54ceb/img/post-economia-cotacao/valorLogo.svg]
[s3.glbimg.com/v1/AUTH_c631e406debd4c4fac98a09d48dc17d1/bastian-post/prod/g1/980e3c92-b130-43b7-ba4d-eb2658a54ceb/img/post-previsao-do-tempo/climatempo-logo.svg]
[s3.glbimg.com/v1/AUTH_c631e406debd4c4fac98a09d48dc17d1/bastian-post/prod/g1/980e3c92-b130-43b7-ba4d-eb2658a54ceb/img/post-previsao-do-tempo/Icon1.svg]
[s3.glbimg.com/v1/AUTH_c631e406debd4c4fac98a09d48dc17d1/bastian-post/prod/g1/980e3c92-b130-43b7-ba4d-eb2658a54ceb/img/post-previsao-do-tempo/Icon1n.svg]
[s3.glbimg.com/v1/AUTH_c631e406debd4c4fac98a09d48dc17d1/bastian-post/prod/g1/980e3c92-b130-43b7-ba4d-eb2658a54ceb/img/post-previsao-do-tempo/Icon2.svg]
[s3.glbimg.com/v1/AUTH_c631e406debd4c4fac98a09d48dc17d1/bastian-post/prod/g1/980e3c92-b130-43b7-ba4d-eb2658a54ceb/img/post-previsao-do-tempo/Icon2n.svg]
[s3.glbimg.com/v1/AUTH_c631e406debd4c4fac98a09d48dc17d1/bastian-post/prod/g1/980e3c92-b130-43b7-ba4d-eb2658a54ceb/img/post-previsao-do-tempo/Icon2r.svg]
[s3.glbimg.com/v1/AUTH_c631e406debd4c4fac98a09d48dc17d1/bastian-post/prod/g1/980e3c92-b130-43b7-ba4d-eb2658a54ceb/img/post-previsao-do-tempo/Icon2rn.svg]
[s3.glbimg.com/v1/AUTH_c631e406debd4c4fac98a09d48dc17d1/bastian-post/prod/g1/980e3c92-b130-43b7-ba4d-eb2658a54ceb/img/post-previsao-do-tempo/Icon3.svg]
[s3.glbimg.com/v1/AUTH_c631e406debd4c4fac98a09d48dc17d1/bastian-post/prod/g1/980e3c92-b130-43b7-ba4d-eb2658a54ceb/img/post-previsao-do-tempo/Icon3n.svg]
[s3.glbimg.com/v1/AUTH_c631e406debd4c4fac98a09d48dc17d1/bastian-post/prod/g1/980e3c92-b130-43b7-ba4d-eb2658a54ceb/img/post-previsao-do-tempo/Icon4.svg]
[s3.glbimg.com/v1/AUTH_c631e406debd4c4fac98a09d48dc17d1/bastian-post/prod/g1/980e3c92-b130-43b7-ba4d-eb2658a54ceb/img/post-previsao-do-tempo/Icon4n.svg]
[s3.glbimg.com/v1/AUTH_c631e406debd4c4fac98a09d48dc17d1/bastian-post/prod/g1/980e3c92-b130-43b7-ba4d-eb2658a54ceb/img/post-previsao-do-tempo/Icon4r.svg]
[s3.glbimg.com/v1/AUTH_c631e406debd4c4fac98a09d48dc17d1/bastian-post/prod/g1/980e3c92-b130-43b7-ba4d-eb2658a54ceb/img/post-previsao-do-tempo/Icon4rn.svg]
[s3.glbimg.com/v1/AUTH_c631e406debd4c4fac98a09d48dc17d1/bastian-post/prod/g1/980e3c92-b130-43b7-ba4d-eb2658a54ceb/img/post-previsao-do-tempo/Icon4t.svg]
[s3.glbimg.com/v1/AUTH_c631e406debd4c4fac98a09d48dc17d1/bastian-post/prod/g1/980e3c92-b130-43b7-ba4d-eb2658a54ceb/img/post-previsao-do-tempo/Icon4tn.svg]
[s3.glbimg.com/v1/AUTH_c631e406debd4c4fac98a09d48dc17d1/bastian-post/prod/g1/980e3c92-b130-43b7-ba4d-eb2658a54ceb/img/post-previsao-do-tempo/Icon5.svg]
[s3.glbimg.com/v1/AUTH_c631e406debd4c4fac98a09d48dc17d1/bastian-post/prod/g1/980e3c92-b130-43b7-ba4d-eb2658a54ceb/img/post-previsao-do-tempo/Icon5n.svg]
[s3.glbimg.com/v1/AUTH_c631e406debd4c4fac98a09d48dc17d1/bastian-post/prod/g1/980e3c92-b130-43b7-ba4d-eb2658a54ceb/img/post-previsao-do-tempo/Icon6.svg]
[s3.glbimg.com/v1/AUTH_c631e406debd4c4fac98a09d48dc17d1/bastian-post/prod/g1/980e3c92-b130-43b7-ba4d-eb2658a54ceb/img/post-previsao-do-tempo/Icon6n.svg]
[s3.glbimg.com/v1/AUTH_c631e406debd4c4fac98a09d48dc17d1/bastian-post/prod/g1/980e3c92-b130-43b7-ba4d-eb2658a54ceb/img/post-previsao-do-tempo/Icon7.svg]
[s3.glbimg.com/v1/AUTH_c631e406debd4c4fac98a09d48dc17d1/bastian-post/prod/g1/980e3c92-b130-43b7-ba4d-eb2658a54ceb/img/post-previsao-do-tempo/Icon7n.svg]
[s3.glbimg.com/v1/AUTH_c631e406debd4c4fac98a09d48dc17d1/bastian-post/prod/g1/980e3c92-b130-43b7-ba4d-eb2658a54ceb/img/post-previsao-do-tempo/Icon8.svg]
[s3.glbimg.com/v1/AUTH_c631e406debd4c4fac98a09d48dc17d1/bastian-post/prod/g1/980e3c92-b130-43b7-ba4d-eb2658a54ceb/img/post-previsao-do-tempo/Icon9.svg]
[s3.glbimg.com/v1/AUTH_c631e406debd4c4fac98a09d48dc17d1/bastian-post/prod/g1/980e3c92-b130-43b7-ba4d-eb2658a54ceb/img/post-previsao-do-tempo/Icon11.svg]
[s3.glbimg.com/v1/AUTH_c631e406debd4c4fac98a09d48dc17d1/bastian-post/prod/g1/980e3c92-b130-43b7-ba4d-eb2658a54ceb/img/post-previsao-do-tempo/Icon13.svg]
[s3.glbimg.com/v1/AUTH_c631e406debd4c4fac98a09d48dc17d1/bastian-post/prod/g1/980e3c92-b130-43b7-ba4d-eb2658a54ceb/img/post-previsao-do-tempo/Icon15.svg]
[s3.glbimg.com/v1/AUTH_c631e406debd4c4fac98a09d48dc17d1/bastian-post/prod/g1/980e3c92-b130-43b7-ba4d-eb2658a54ceb/img/post-previsao-do-tempo/Icon15.svg]
